main.c:130:5:main	8	static
main.c:182:6:SystemClock_Config	88	static
main.c:226:13:MX_SPI1_Init	8	static
main.c:264:13:MX_USART1_UART_Init	8	static
main.c:297:13:MX_GPIO_Init	40	static
main.c:323:6:Reset_Device	8	static
main.c:336:6:Init_Device	8	static
main.c:395:6:ClearDisplay	16	static
main.c:412:6:FillDisplay	16	static
main.c:427:6:Set_Column_Address	16	static
main.c:435:6:Set_Row_Address	16	static
main.c:443:6:Set_Write_RAM	8	static
main.c:448:6:displaySend	16	static
main.c:455:6:displaySendType	16	static
main.c:463:6:displaySendData	24	static
main.c:467:6:displaySendEnd	8	static
main.c:477:6:Error_Handler	4	static,ignoring_inline_asm
